[    0.000000] Initializing cgroup subsys cpuset
[    0.000000] Initializing cgroup subsys cpu
[    0.000000] Initializing cgroup subsys cpuacct
[    0.000000] Linux version 4.4.0-150-generic (buildd@lgw01-amd64-036) (gcc version 5.4.0 20160609 (Ubuntu 5.4.0-6ubuntu1~16.04.10) ) #176-Ubuntu SMP Wed May 29 18:56:26 UTC 2019 (Ubuntu 4.4.0-150.176-generic 4.4.179)
[    0.000000] Command line: BOOT_IMAGE=/boot/vmlinuz-4.4.0-150-generic root=LABEL=cloudimg-rootfs ro console=tty1 console=ttyS0
[    0.000000] KERNEL supported cpus:
[    0.000000]   Intel GenuineIntel
[    0.000000]   AMD AuthenticAMD
[    0.000000]   Centaur CentaurHauls
[    0.000000] x86/fpu: xstate_offset[2]:  576, xstate_sizes[2]:  256
[    0.000000] x86/fpu: Supporting XSAVE feature 0x01: 'x87 floating point registers'
[    0.000000] x86/fpu: Supporting XSAVE feature 0x02: 'SSE registers'
[    0.000000] x86/fpu: Supporting XSAVE feature 0x04: 'AVX registers'
[    0.000000] x86/fpu: Enabled xstate features 0x7, context size is 832 bytes, using 'standard' format.
[    0.000000] e820: BIOS-provided physical RAM map:
[    0.000000] BIOS-e820: [mem 0x0000000000000000-0x000000000009fbff] usable
[    0.000000] BIOS-e820: [mem 0x000000000009fc00-0x000000000009ffff] reserved
[    0.000000] BIOS-e820: [mem 0x00000000000f0000-0x00000000000fffff] reserved
[    0.000000] BIOS-e820: [mem 0x0000000000100000-0x000000003ffeffff] usable
[    0.000000] BIOS-e820: [mem 0x000000003fff0000-0x000000003fffffff] ACPI data
[    0.000000] BIOS-e820: [mem 0x00000000fec00000-0x00000000fec00fff] reserved
[    0.000000] BIOS-e820: [mem 0x00000000fee00000-0x00000000fee00fff] reserved
[    0.000000] BIOS-e820: [mem 0x00000000fffc0000-0x00000000ffffffff] reserved
[    0.000000] NX (Execute Disable) protection: active
[    0.000000] SMBIOS 2.5 present.
[    0.000000] Hypervisor detected: KVM
[    0.000000] e820: last_pfn = 0x3fff0 max_arch_pfn = 0x400000000
[    0.000000] MTRR: Disabled
[    0.000000] x86/PAT: MTRRs disabled, skipping PAT initialization too.
[    0.000000] CPU MTRRs all blank - virtualized system.
[    0.000000] x86/PAT: Configuration [0-7]: WB  WT  UC- UC  WB  WT  UC- UC  
[    0.000000] found SMP MP-table at [mem 0x0009fff0-0x0009ffff] mapped at [ffff88000009fff0]
[    0.000000] Scanning 1 areas for low memory corruption
[    0.000000] RAMDISK: [mem 0x362fc000-0x37175fff]
[    0.000000] ACPI: Early table checksum verification disabled
[    0.000000] ACPI: RSDP 0x00000000000E0000 000024 (v02 VBOX  )
[    0.000000] ACPI: XSDT 0x000000003FFF0030 00003C (v01 VBOX   VBOXXSDT 00000001 ASL  00000061)
[    0.000000] ACPI: FACP 0x000000003FFF00F0 0000F4 (v04 VBOX   VBOXFACP 00000001 ASL  00000061)
[    0.000000] ACPI: DSDT 0x000000003FFF0470 0022EA (v02 VBOX   VBOXBIOS 00000002 INTL 20100528)
[    0.000000] ACPI: FACS 0x000000003FFF0200 000040
[    0.000000] ACPI: FACS 0x000000003FFF0200 000040
[    0.000000] ACPI: APIC 0x000000003FFF0240 00005C (v02 VBOX   VBOXAPIC 00000001 ASL  00000061)
[    0.000000] ACPI: SSDT 0x000000003FFF02A0 0001CC (v01 VBOX   VBOXCPUT 00000002 INTL 20100528)
[    0.000000] No NUMA configuration found
[    0.000000] Faking a node at [mem 0x0000000000000000-0x000000003ffeffff]
[    0.000000] NODE_DATA(0) allocated [mem 0x3ffeb000-0x3ffeffff]
[    0.000000] kvm-clock: Using msrs 4b564d01 and 4b564d00
[    0.000000] kvm-clock: cpu 0, msr 0:3ffe3001, primary cpu clock
[    0.000000] kvm-clock: using sched offset of 5727336443 cycles
[    0.000000] clocksource: kvm-clock: mask: 0xffffffffffffffff max_cycles: 0x1cd42e4dffb, max_idle_ns: 881590591483 ns
[    0.000000] Zone ranges:
[    0.000000]   DMA      [mem 0x0000000000001000-0x0000000000ffffff]
[    0.000000]   DMA32    [mem 0x0000000001000000-0x000000003ffeffff]
[    0.000000]   Normal   empty
[    0.000000]   Device   empty
[    0.000000] Movable zone start for each node
[    0.000000] Early memory node ranges
[    0.000000]   node   0: [mem 0x0000000000001000-0x000000000009efff]
[    0.000000]   node   0: [mem 0x0000000000100000-0x000000003ffeffff]
[    0.000000] Initmem setup node 0 [mem 0x0000000000001000-0x000000003ffeffff]
[    0.000000] ACPI: PM-Timer IO Port: 0x4008
[    0.000000] IOAPIC[0]: apic_id 2, version 32, address 0xfec00000, GSI 0-23
[    0.000000] ACPI: INT_SRC_OVR (bus 0 bus_irq 0 global_irq 2 dfl dfl)
[    0.000000] ACPI: INT_SRC_OVR (bus 0 bus_irq 9 global_irq 9 low level)
[    0.000000] Using ACPI (MADT) for SMP configuration information
[    0.000000] smpboot: Allowing 2 CPUs, 0 hotplug CPUs
[    0.000000] PM: Registered nosave memory: [mem 0x00000000-0x00000fff]
[    0.000000] PM: Registered nosave memory: [mem 0x0009f000-0x0009ffff]
[    0.000000] PM: Registered nosave memory: [mem 0x000a0000-0x000effff]
[    0.000000] PM: Registered nosave memory: [mem 0x000f0000-0x000fffff]
[    0.000000] e820: [mem 0x40000000-0xfebfffff] available for PCI devices
[    0.000000] Booting paravirtualized kernel on KVM
[    0.000000] clocksource: refined-jiffies: mask: 0xffffffff max_cycles: 0xffffffff, max_idle_ns: 7645519600211568 ns
[    0.000000] setup_percpu: NR_CPUS:512 nr_cpumask_bits:512 nr_cpu_ids:2 nr_node_ids:1
[    0.000000] PERCPU: Embedded 34 pages/cpu @ffff88003fc00000 s99480 r8192 d31592 u1048576
[    0.000000] Built 1 zonelists in Node order, mobility grouping on.  Total pages: 257912
[    0.000000] Policy zone: DMA32
[    0.000000] Kernel command line: BOOT_IMAGE=/boot/vmlinuz-4.4.0-150-generic root=LABEL=cloudimg-rootfs ro console=tty1 console=ttyS0
[    0.000000] PID hash table entries: 4096 (order: 3, 32768 bytes)
[    0.000000] Memory: 997736K/1048120K available (8613K kernel code, 1335K rwdata, 4028K rodata, 1484K init, 1284K bss, 50384K reserved, 0K cma-reserved)
[    0.000000] SLUB: HWalign=64, Order=0-3, MinObjects=0, CPUs=2, Nodes=1
[    0.000000] Kernel/User page tables isolation: enabled
[    0.000000] Hierarchical RCU implementation.
[    0.000000] 	Build-time adjustment of leaf fanout to 64.
[    0.000000] 	RCU restricting CPUs from NR_CPUS=512 to nr_cpu_ids=2.
[    0.000000] RCU: Adjusting geometry for rcu_fanout_leaf=64, nr_cpu_ids=2
[    0.000000] NR_IRQS:33024 nr_irqs:440 16
[    0.000000] Console: colour VGA+ 80x25
[    0.000000] console [tty1] enabled
[    0.000000] console [ttyS0] enabled
[    0.000000] tsc: Detected 2903.998 MHz processor
[    0.155117] Calibrating delay loop (skipped) preset value.. 5807.99 BogoMIPS (lpj=11615992)
[    0.157105] pid_max: default: 32768 minimum: 301
[    0.158465] ACPI: Core revision 20150930
[    0.160058] ACPI: 2 ACPI AML tables successfully acquired and loaded
[    0.161598] Security Framework initialized
[    0.162675] Yama: becoming mindful.
[    0.163524] AppArmor: AppArmor initialized
[    0.164720] Dentry cache hash table entries: 131072 (order: 8, 1048576 bytes)
[    0.168086] Inode-cache hash table entries: 65536 (order: 7, 524288 bytes)
[    0.169939] Mount-cache hash table entries: 2048 (order: 2, 16384 bytes)
[    0.171424] Mountpoint-cache hash table entries: 2048 (order: 2, 16384 bytes)
[    0.173033] Initializing cgroup subsys io
[    0.173971] Initializing cgroup subsys memory
[    0.174998] Initializing cgroup subsys devices
[    0.176013] Initializing cgroup subsys freezer
[    0.177024] Initializing cgroup subsys net_cls
[    0.178034] Initializing cgroup subsys perf_event
[    0.179127] Initializing cgroup subsys net_prio
[    0.180157] Initializing cgroup subsys hugetlb
[    0.181178] Initializing cgroup subsys pids
[    0.183103] mce: CPU supports 0 MCE banks
[    0.184026] Last level iTLB entries: 4KB 64, 2MB 8, 4MB 8
[    0.185339] Last level dTLB entries: 4KB 64, 2MB 0, 4MB 0, 1GB 4
[    0.187420] Spectre V2 : Mitigation: Full generic retpoline
[    0.188864] Spectre V2 : Spectre v2 / SpectreRSB mitigation: Filling RSB on context switch
[    0.191071] Speculative Store Bypass: Vulnerable
[    0.192204] MDS: Mitigation: Clear CPU buffers
[    0.195622] Freeing SMP alternatives memory: 36K
[    0.201978] ftrace: allocating 32298 entries in 127 pages
[    0.253267] smpboot: APIC(0) Converting physical 0 to logical package 0
[    0.255637] smpboot: Max logical packages: 1
[    0.257109] x2apic enabled
[    0.258030] Switched APIC routing to physical x2apic.
[    0.260143] ..TIMER: vector=0x30 apic1=0 pin1=2 apic2=-1 pin2=-1
[    0.367656] smpboot: CPU0: Intel(R) Core(TM) i7-7820HQ CPU @ 2.90GHz (family: 0x6, model: 0x9e, stepping: 0x9)
[    0.370753] Performance Events: unsupported p6 CPU model 158 no PMU driver, software events only.
[    0.381525] KVM setup paravirtual spinlock
[    0.383734] x86: Booting SMP configuration:
[    0.384683] .... node  #0, CPUs:      #1
[    0.385730] kvm-clock: cpu 1, msr 0:3ffe3041, secondary cpu clock
[    0.387822] mce: CPU supports 0 MCE banks
[    0.391452] x86: Booted up 1 node, 2 CPUs
[    0.392935] smpboot: Total of 2 processors activated (11615.99 BogoMIPS)
[    0.394632] devtmpfs: initialized
[    0.397332] evm: security.selinux
[    0.398538] evm: security.SMACK64
[    0.399471] evm: security.SMACK64EXEC
[    0.400380] evm: security.SMACK64TRANSMUTE
[    0.401307] evm: security.SMACK64MMAP
[    0.402227] evm: security.ima
[    0.402951] evm: security.capability
[    0.404133] clocksource: jiffies: mask: 0xffffffff max_cycles: 0xffffffff, max_idle_ns: 7645041785100000 ns
[    0.406335] futex hash table entries: 512 (order: 3, 32768 bytes)
[    0.407863] pinctrl core: initialized pinctrl subsystem
[    0.409861] RTC time:  3:51:32, date: 06/20/19
[    0.411035] NET: Registered protocol family 16
[    0.428407] cpuidle: using governor ladder
[    0.440566] cpuidle: using governor menu
[    0.442796] PCCT header not found.
[    0.444494] ACPI: bus type PCI registered
[    0.446159] acpiphp: ACPI Hot Plug PCI Controller Driver version: 0.5
[    0.448268] PCI: Using configuration type 1 for base access
[    0.460019] ACPI: Added _OSI(Module Device)
[    0.461341] ACPI: Added _OSI(Processor Device)
[    0.462415] ACPI: Added _OSI(3.0 _SCP Extensions)
[    0.463565] ACPI: Added _OSI(Processor Aggregator Device)
[    0.465556] ACPI: Executed 1 blocks of module-level executable AML code
[    0.468935] ACPI: Interpreter enabled
[    0.470251] ACPI: (supports S0 S5)
[    0.471316] ACPI: Using IOAPIC for interrupt routing
[    0.472595] PCI: Using host bridge windows from ACPI; if necessary, use "pci=nocrs" and report a bug
[    0.478501] ACPI: PCI Root Bridge [PCI0] (domain 0000 [bus 00-ff])
[    0.480198] acpi PNP0A03:00: _OSC: OS supports [ASPM ClockPM Segments MSI]
[    0.481984] acpi PNP0A03:00: _OSC: not requesting OS control; OS requires [ExtendedConfig ASPM ClockPM MSI]
[    0.484221] acpi PNP0A03:00: fail to add MMCONFIG information, can't access extended PCI configuration space under this bridge.
[    0.487966] PCI host bridge to bus 0000:00
[    0.488926] pci_bus 0000:00: root bus resource [io  0x0000-0x0cf7 window]
[    0.490403] pci_bus 0000:00: root bus resource [io  0x0d00-0xffff window]
[    0.492074] pci_bus 0000:00: root bus resource [mem 0x000a0000-0x000bffff window]
[    0.494016] pci_bus 0000:00: root bus resource [mem 0x40000000-0xfdffffff window]
[    0.496021] pci_bus 0000:00: root bus resource [bus 00-ff]
[    0.500041] pci 0000:00:01.1: legacy IDE quirk: reg 0x10: [io  0x01f0-0x01f7]
[    0.501974] pci 0000:00:01.1: legacy IDE quirk: reg 0x14: [io  0x03f6]
[    0.503399] pci 0000:00:01.1: legacy IDE quirk: reg 0x18: [io  0x0170-0x0177]
[    0.505141] pci 0000:00:01.1: legacy IDE quirk: reg 0x1c: [io  0x0376]
[    0.518461] pci 0000:00:07.0: quirk: [io  0x4000-0x403f] claimed by PIIX4 ACPI
[    0.528717] pci 0000:00:07.0: quirk: [io  0x4100-0x410f] claimed by PIIX4 SMB
[    0.535195] ACPI: PCI Interrupt Link [LNKA] (IRQs 5 9 10 *11)
[    0.537046] ACPI: PCI Interrupt Link [LNKB] (IRQs 5 9 *10 11)
[    0.538651] ACPI: PCI Interrupt Link [LNKC] (IRQs 5 *9 10 11)
[    0.540415] ACPI: PCI Interrupt Link [LNKD] (IRQs 5 9 10 *11)
[    0.542178] ACPI: Enabled 2 GPEs in block 00 to 07
[    0.543792] vgaarb: setting as boot device: PCI:0000:00:02.0
[    0.545041] vgaarb: device added: PCI:0000:00:02.0,decodes=io+mem,owns=io+mem,locks=none
[    0.546838] vgaarb: loaded
[    0.547649] vgaarb: bridge control possible 0000:00:02.0
[    0.549081] SCSI subsystem initialized
[    0.550044] ACPI: bus type USB registered
[    0.551361] usbcore: registered new interface driver usbfs
[    0.552917] usbcore: registered new interface driver hub
[    0.554117] usbcore: registered new device driver usb
[    0.555638] PCI: Using ACPI for IRQ routing
[    0.556946] NetLabel: Initializing
[    0.557775] NetLabel:  domain hash size = 128
[    0.558775] NetLabel:  protocols = UNLABELED CIPSOv4
[    0.561495] NetLabel:  unlabeled traffic allowed by default
[    0.563211] amd_nb: Cannot enumerate AMD northbridges
[    0.565044] clocksource: Switched to clocksource kvm-clock
[    0.572610] AppArmor: AppArmor Filesystem Enabled
[    0.574041] pnp: PnP ACPI init
[    0.575893] pnp: PnP ACPI: found 3 devices
[    0.585092] clocksource: acpi_pm: mask: 0xffffff max_cycles: 0xffffff, max_idle_ns: 2085701024 ns
[    0.587692] NET: Registered protocol family 2
[    0.588850] TCP established hash table entries: 8192 (order: 4, 65536 bytes)
[    0.590450] TCP bind hash table entries: 8192 (order: 5, 131072 bytes)
[    0.591940] TCP: Hash tables configured (established 8192 bind 8192)
[    0.593281] UDP hash table entries: 512 (order: 2, 16384 bytes)
[    0.594604] UDP-Lite hash table entries: 512 (order: 2, 16384 bytes)
[    0.596030] NET: Registered protocol family 1
[    0.597036] pci 0000:00:00.0: Limiting direct PCI/PCI transfers
[    0.598430] pci 0000:00:01.0: Activating ISA DMA hang workarounds
[    0.600096] Unpacking initramfs...
[    0.776523] Freeing initrd memory: 14824K
[    0.778221] clocksource: tsc: mask: 0xffffffffffffffff max_cycles: 0x29dc03c1beb, max_idle_ns: 440795205215 ns
[    0.781251] platform rtc_cmos: registered platform RTC device (no PNP device found)
[    0.783250] Scanning for low memory corruption every 60 seconds
[    0.784926] audit: initializing netlink subsys (disabled)
[    0.786228] audit: type=2000 audit(1561002698.990:1): initialized
[    0.788200] Initialise system trusted keyring
[    0.789616] HugeTLB registered 2 MB page size, pre-allocated 0 pages
[    0.792650] zbud: loaded
[    0.793748] VFS: Disk quotas dquot_6.6.0
[    0.795147] VFS: Dquot-cache hash table entries: 512 (order 0, 4096 bytes)
[    0.796764] squashfs: version 4.0 (2009/01/31) Phillip Lougher
[    0.798423] fuse init (API version 7.23)
[    0.799754] Key type big_key registered
[    0.800663] Allocating IMA MOK and blacklist keyrings.
[    0.803062] Key type asymmetric registered
[    0.804697] Asymmetric key parser 'x509' registered
[    0.806034] Block layer SCSI generic (bsg) driver version 0.4 loaded (major 249)
[    0.807807] io scheduler noop registered
[    0.809119] io scheduler deadline registered (default)
[    0.810816] io scheduler cfq registered
[    0.811807] pci_hotplug: PCI Hot Plug PCI Core version: 0.5
[    0.813051] pciehp: PCI Express Hot Plug Controller Driver version: 0.4
[    0.814794] ACPI: AC Adapter [AC] (off-line)
[    0.816074] input: Power Button as /devices/LNXSYSTM:00/LNXPWRBN:00/input/input0
[    0.817903] ACPI: Power Button [PWRF]
[    0.819355] input: Sleep Button as /devices/LNXSYSTM:00/LNXSLPBN:00/input/input1
[    0.821101] ACPI: Sleep Button [SLPF]
[    0.822629] GHES: HEST is not enabled!
[    0.824681] ACPI: Battery Slot [BAT0] (battery present)
[    0.826826] Serial: 8250/16550 driver, 32 ports, IRQ sharing enabled
[    0.848764] 00:02: ttyS0 at IO 0x3f8 (irq = 4, base_baud = 115200) is a 16550A
[    0.855343] Linux agpgart interface v0.103
[    0.857839] loop: module loaded
[    0.859157] scsi host0: ata_piix
[    0.860096] scsi host1: ata_piix
[    0.860928] ata1: PATA max UDMA/33 cmd 0x1f0 ctl 0x3f6 bmdma 0xd000 irq 14
[    0.862598] ata2: PATA max UDMA/33 cmd 0x170 ctl 0x376 bmdma 0xd008 irq 15
[    0.864138] libphy: Fixed MDIO Bus: probed
[    0.865442] tun: Universal TUN/TAP device driver, 1.6
[    0.866581] tun: (C) 1999-2004 Max Krasnyansky <maxk@qualcomm.com>
[    0.868039] PPP generic driver version 2.4.2
[    0.869686] ehci_hcd: USB 2.0 'Enhanced' Host Controller (EHCI) Driver
[    0.871484] ehci-pci: EHCI PCI platform driver
[    0.872530] ehci-platform: EHCI generic platform driver
[    0.873873] ohci_hcd: USB 1.1 'Open' Host Controller (OHCI) Driver
[    0.875257] ohci-pci: OHCI PCI platform driver
[    0.876317] ohci-platform: OHCI generic platform driver
[    0.877584] uhci_hcd: USB Universal Host Controller Interface driver
[    0.879119] i8042: PNP: PS/2 Controller [PNP0303:PS2K,PNP0f03:PS2M] at 0x60,0x64 irq 1,12
[    0.881893] serio: i8042 KBD port at 0x60,0x64 irq 1
[    0.883367] serio: i8042 AUX port at 0x60,0x64 irq 12
[    0.884804] mousedev: PS/2 mouse device common for all mice
[    0.886908] input: AT Translated Set 2 keyboard as /devices/platform/i8042/serio0/input/input2
[    0.888924] rtc_cmos rtc_cmos: rtc core: registered rtc_cmos as rtc0
[    0.890702] rtc_cmos rtc_cmos: alarms up to one day, 114 bytes nvram
[    0.892208] i2c /dev entries driver
[    0.893104] device-mapper: uevent: version 1.0.3
[    0.894453] device-mapper: ioctl: 4.34.0-ioctl (2015-10-28) initialised: dm-devel@redhat.com
[    0.896719] ledtrig-cpu: registered to indicate activity on CPUs
[    0.898556] NET: Registered protocol family 10
[    0.900315] NET: Registered protocol family 17
[    0.901440] Key type dns_resolver registered
[    0.903621] registered taskstats version 1
[    0.904616] Loading compiled-in X.509 certificates
[    0.906365] Loaded X.509 cert 'Build time autogenerated kernel key: a7915d3ef14e82ec7978a6e44664328aa121e7a5'
[    0.909515] zswap: loaded using pool lzo/zbud
[    0.913191] Key type trusted registered
[    0.918278] Key type encrypted registered
[    0.919816] AppArmor: AppArmor sha1 policy hashing enabled
[    0.921504] ima: No TPM chip found, activating TPM-bypass!
[    0.923065] ima: Allocated hash algorithm: sha1
[    0.924178] evm: HMAC attrs: 0x1
[    0.925709]   Magic number: 7:158:867
[    0.926750] rtc_cmos rtc_cmos: setting system clock to 2019-06-20 03:51:32 UTC (1561002692)
[    0.929506] BIOS EDD facility v0.16 2004-Jun-25, 0 devices found
[    0.931106] EDD information not available.
[    1.019248] Freeing unused kernel memory: 1484K
[    1.021025] Write protecting the kernel read-only data: 14336k
[    1.023416] Freeing unused kernel memory: 1616K
[    1.025358] Freeing unused kernel memory: 68K
Loading, please wait...
starting version 229
[    1.040590] random: systemd-udevd: uninitialized urandom read (16 bytes read, 3 bits of entropy available)
[    1.041151] random: udevadm: uninitialized urandom read (16 bytes read, 3 bits of entropy available)
[    1.041170] random: udevadm: uninitialized urandom read (16 bytes read, 3 bits of entropy available)
[    1.047161] random: udevadm: uninitialized urandom read (16 bytes read, 3 bits of entropy available)
[    1.047194] random: udevadm: uninitialized urandom read (16 bytes read, 3 bits of entropy available)
[    1.047294] random: udevadm: uninitialized urandom read (16 bytes read, 3 bits of entropy available)
[    1.047332] random: udevadm: uninitialized urandom read (16 bytes read, 3 bits of entropy available)
[    1.047369] random: udevadm: uninitialized urandom read (16 bytes read, 3 bits of entropy available)
[    1.047406] random: udevadm: uninitialized urandom read (16 bytes read, 3 bits of entropy available)
[    1.047441] random: udevadm: uninitialized urandom read (16 bytes read, 3 bits of entropy available)
[    1.087673] e1000: Intel(R) PRO/1000 Network Driver - version 7.3.21-k8-NAPI
[    1.089913] e1000: Copyright (c) 1999-2006 Intel Corporation.
[    1.091343] Fusion MPT base driver 3.04.20
[    1.092411] Copyright (c) 1999-2008 LSI Corporation
[    1.099519] Fusion MPT SPI Host driver 3.04.20
[    1.106954] AVX2 version of gcm_enc/dec engaged.
[    1.108504] AES CTR mode by8 optimization enabled
[    1.302291] input: ImExPS/2 Generic Explorer Mouse as /devices/platform/i8042/serio1/input/input4
[    1.486284] e1000 0000:00:03.0 eth0: (PCI:33MHz:32-bit) 02:2e:c1:de:99:b7
[    1.488315] e1000 0000:00:03.0 eth0: Intel(R) PRO/1000 Network Connection
[    1.490802] mptbase: ioc0: Initiating bringup
[    1.491050] e1000 0000:00:03.0 enp0s3: renamed from eth0
[    1.765177] ioc0: LSI53C1030 A0: Capabilities={Initiator}
[    2.439565] scsi host2: ioc0: LSI53C1030 A0, FwRev=00000000h, Ports=1, MaxQ=256, IRQ=20
[    2.740729] scsi 2:0:0:0: Direct-Access     VBOX     HARDDISK         1.0  PQ: 0 ANSI: 5
[    2.744528] scsi target2:0:0: Beginning Domain Validation
[    2.747541] scsi target2:0:0: Domain Validation skipping write tests
[    2.749700] scsi target2:0:0: Ending Domain Validation
[    2.751612] scsi target2:0:0: asynchronous
[    2.753408] scsi 2:0:1:0: Direct-Access     VBOX     HARDDISK         1.0  PQ: 0 ANSI: 5
[    2.756215] scsi target2:0:1: Beginning Domain Validation
[    2.758557] scsi target2:0:1: Domain Validation skipping write tests
[    2.760826] scsi target2:0:1: Ending Domain Validation
[    2.762470] scsi target2:0:1: asynchronous
[    2.770029] sd 2:0:0:0: Attached scsi generic sg0 type 0
[    2.771674] sd 2:0:0:0: [sda] 20971520 512-byte logical blocks: (10.7 GB/10.0 GiB)
[    2.782028] sd 2:0:1:0: [sdb] 20480 512-byte logical blocks: (10.5 MB/10.0 MiB)
[    2.782101] sd 2:0:1:0: Attached scsi generic sg1 type 0
[    2.785824] sd 2:0:1:0: [sdb] Write Protect is off
[    2.786989] sd 2:0:1:0: [sdb] Incomplete mode parameter data
[    2.788300] sd 2:0:1:0: [sdb] Assuming drive cache: write through
[    2.789748] sd 2:0:0:0: [sda] Write Protect is off
[    2.791013] sd 2:0:0:0: [sda] Incomplete mode parameter data
[    2.792344] sd 2:0:0:0: [sda] Assuming drive cache: write through
[    2.800457]  sda: sda1
[    2.802445] sd 2:0:0:0: [sda] Attached SCSI disk
[    2.804031] sd 2:0:1:0: [sdb] Attached SCSI disk
Begin: Loading essential drivers ... [    4.071266] md: linear personality registered for level -1
[    4.075309] md: multipath personality registered for level -4
[    4.078908] md: raid0 personality registered for level 0
[    4.083711] md: raid1 personality registered for level 1
[    4.155473] raid6: sse2x1   gen() 13319 MB/s
[    4.221799] raid6: sse2x1   xor()  8224 MB/s
[    4.293798] raid6: sse2x2   gen() 14390 MB/s
[    4.361632] raid6: sse2x2   xor() 10818 MB/s
[    4.429069] raid6: sse2x4   gen() 18064 MB/s
[    4.498950] raid6: sse2x4   xor() 12732 MB/s
[    4.565696] raid6: avx2x1   gen() 25201 MB/s
[    4.633515] raid6: avx2x2   gen() 28715 MB/s
[    4.705519] raid6: avx2x4   gen() 34907 MB/s
[    4.707314] raid6: using algorithm avx2x4 gen() 34907 MB/s
[    4.708566] raid6: using avx2x2 recovery algorithm
[    4.710898] xor: automatically using best checksumming function:
[    4.749258]    avx       : 28331.000 MB/sec
[    4.752111] async_tx: api initialized (async)
[    4.764336] md: raid6 personality registered for level 6
[    4.766271] md: raid5 personality registered for level 5
[    4.767531] md: raid4 personality registered for level 4
[    4.774309] md: raid10 personality registered for level 10
done.
Begin: Running /scripts/init-premount ... done.
Begin: Mounting root file system ... Begin: Running /scripts/local-top ... done.
Begin: Running /scripts/local-premount ... [    4.798164] Btrfs loaded
Scanning for Btrfs filesystems
done.
Warning: fsck not present, so skipping root file system
[    4.831449] EXT4-fs (sda1): INFO: recovery required on readonly filesystem
[    4.833027] EXT4-fs (sda1): write access will be enabled during recovery
[    4.878217] EXT4-fs (sda1): recovery complete
[    4.879352] EXT4-fs (sda1): mounted filesystem with ordered data mode. Opts: (null)
done.
Begin: Running /scripts/local-bottom ... done.
Begin: Running /scripts/init-bottom ... done.
[    4.995563] systemd[1]: systemd 229 running in system mode. (+PAM +AUDIT +SELINUX +IMA +APPARMOR +SMACK +SYSVINIT +UTMP +LIBCRYPTSETUP +GCRYPT +GNUTLS +ACL +XZ -LZ4 +SECCOMP +BLKID +ELFUTILS +KMOD -IDN)
[    5.000563] systemd[1]: Detected virtualization oracle.
[    5.002350] systemd[1]: Detected architecture x86-64.

Welcome to [1mUbuntu 16.04.6 LTS[0m!

[    5.005315] systemd[1]: Set hostname to <ubuntu-xenial>.
[    5.144210] systemd[1]: Listening on LVM2 poll daemon socket.
[[0;32m  OK  [0m] Listening on LVM2 poll daemon socket.
[    5.146802] systemd[1]: Listening on Journal Socket.
[[0;32m  OK  [0m] Listening on Journal Socket.
[    5.148945] systemd[1]: Listening on udev Control Socket.
[[0;32m  OK  [0m] Listening on udev Control Socket.
[    5.158088] systemd[1]: Listening on Syslog Socket.
[[0;32m  OK  [0m] Listening on Syslog Socket.
[    5.161753] systemd[1]: Listening on Journal Socket (/dev/log).
[[0;32m  OK  [0m] Listening on Journal Socket (/dev/log).
[    5.170093] systemd[1]: Reached target Swap.
[[0;32m  OK  [0m] Reached target Swap.
[    5.181729] systemd[1]: Started Forward Password Requests to Wall Directory Watch.
[[0;32m  OK  [0m] Started Forward Password Requests to Wall Directory Watch.
[    5.194407] systemd[1]: Created slice System Slice.
[[0;32m  OK  [0m] Created slice System Slice.
[    5.217740] systemd[1]: Mounting POSIX Message Queue File System...
         Mounting POSIX Message Queue File System...
[    5.222187] systemd[1]: Starting Set console keymap...
         Starting Set console keymap...
[    5.226648] systemd[1]: Mounting Huge Pages File System...
         Mounting Huge Pages File System...
[    5.229514] systemd[1]: Listening on Device-mapper event daemon FIFOs.
[[0;32m  OK  [0m] Listening on Device-mapper event daemon FIFOs.
[    5.234340] systemd[1]: Starting Create list of required static device nodes for the current kernel...
         Starting Create list of required st... nodes for the current kernel...
[    5.239775] systemd[1]: Started Trigger resolvconf update for networkd DNS.
[[0;32m  OK  [0m] Started Trigger resolvconf update for networkd DNS.
[    5.243040] systemd[1]: Reached target System Time Synchronized.
[[0;32m  OK  [0m] Reached target System Time Synchronized.
[    5.245686] systemd[1]: Reached target Encrypted Volumes.
[[0;32m  OK  [0m] Reached target Encrypted Volumes.
[    5.253891] systemd[1]: Created slice User and Session Slice.
[[0;32m  OK  [0m] Created slice User and Session Slice.
[    5.262055] systemd[1]: Reached target Slices.
[[0;32m  OK  [0m] Reached target Slices.
[    5.277581] systemd[1]: Starting Remount Root and Kernel File Systems...
         Starting Remount Root and Kernel File Systems...
[    5.281924] systemd[1]: Created slice system-serial\x2dgetty.slice.
[    5.282371] EXT4-fs (sda1): re-mounted. Opts: (null)
[[0;32m  OK  [0m] Created slice system-serial\x2dgetty.slice.
[    5.286659] systemd[1]: Listening on udev Kernel Socket.
[[0;32m  OK  [0m] Listening on udev Kernel Socket.
[    5.297792] systemd[1]: Listening on /dev/initctl Compatibility Named Pipe.
[[0;32m  OK  [0m] Listening on /dev/initctl Compatibility Named Pipe.
[    5.300889] systemd[1]: Listening on LVM2 metadata daemon socket.
[[0;32m  OK  [0m] Listening on LVM2 metadata daemon socket.
[    5.304433] systemd[1]: Starting Monitoring of LVM2 mirrors, snapshots etc. using dmeventd or progress polling...
         Starting Monitoring of LVM2 mirrors... dmeventd or progress polling...
[    5.308732] systemd[1]: Reached target User and Group Name Lookups.
[[0;32m  OK  [0m] Reached target User and Group Name Lookups.
[    5.312986] systemd[1]: Set up automount Arbitrary Executable File Formats File System Automount Point.
[[0;32m  OK  [0m] Set up automount Arbitrary Executab...ats File System Automount Point.
[    5.322208] systemd[1]: Starting Nameserver information manager...
         Starting Nameserver information manager...
[    5.327654] systemd[1]: Starting Load Kernel Modules...
         Starting Load Kernel Modules...
[    5.331210] systemd[1]: Mounting Debug File System...
         Mounting Debug File System...
[    5.335520] systemd[1]: Starting Uncomplicated firewall...
         Starting Uncomplicated firewall...
[    5.339410] systemd[1]: Listening on Journal Audit Socket.
[[0;32m  OK  [0m] Listening on Journal Audit Socket.
[    5.343446] Loading iSCSI transport class v2.0-870.
[    5.343898] systemd[1]: Starting Journal Service...
         Starting Journal Service...
[    5.350786] systemd[1]: Mounted POSIX Message Queue File System.
[[0;32m  OK  [0m] Mounted POSIX Message Queue File System.
[    5.355103] systemd[1]: Mounted Debug File System.
[[0;32m  OK  [0m] Mounted Debug File System.
[    5.359096] systemd[1]: Mounted Huge Pages File System.
[[0;32m  OK  [0m] Mounted Huge Pages File System.
[    5.363857] systemd[1]: Started Set console keymap.
[[0;32m  OK  [0m] Started Set console keymap.
[    5.370023] iscsi: registered transport (tcp)
[    5.374654] systemd[1]: Started Create list of required static device nodes for the current kernel.
[[0;32m  OK  [0m] Started Create list of required sta...ce nodes for the current kernel.
[    5.379512] systemd[1]: Started Remount Root and Kernel File Systems.
[[0;32m  OK  [0m] Started Remount Root and Kernel File Systems.
[    5.397605] iscsi: registered transport (iser)
[    5.398272] systemd[1]: Started Uncomplicated firewall.
[[0;32m  OK  [0m] Started Uncomplicated firewall.
[    5.402411] systemd[1]: Started Nameserver information manager.
[[0;32m  OK  [0m] Started Nameserver information manager.
[    5.406309] systemd[1]: Started Load Kernel Modules.
[[0;32m  OK  [0m] Started Load Kernel Modules.
[    5.409699] systemd[1]: Started Journal Service.
[[0;32m  OK  [0m] Started Journal Service.
[[0;32m  OK  [0m] Started LVM2 metadata daemon.
         Mounting FUSE Control File System...
         Starting Apply Kernel Variables...
         Starting udev Coldplug all Devices...
         Starting Load/Save Random Seed...
         Starting Flush Journal to Persistent Storage...
         Starting Create Static Device Nodes in /dev...
[[0;32m  OK  [0m] Mounted FUSE Control File System.
[[0;32m  OK  [0m] Started Apply Kernel Variables.
[[0;32m  OK  [0m] Started Load/Save Random Seed.
[[0;32m  OK  [0m] Started Create Static Device Nodes in /dev.
[[0;32m  OK  [0m] Started Flush Journal to Persistent Storage.
         Starting udev Kernel Device Manager...
[[0;32m  OK  [0m] Started udev Coldplug all Devices.
[[0;32m  OK  [0m] Started udev Kernel Device Manager.
[[0;32m  OK  [0m] Started Dispatch Password Requests to Console Directory Watch.
[[0;32m  OK  [0m] Started Monitoring of LVM2 mirrors,...ng dmeventd or progress polling.
[[0;32m  OK  [0m] Reached target Local File Systems (Pre).
[[0;32m  OK  [0m] Reached target Local File Systems.
         Starting Tell Plymouth To Write Out Runtime Data...
         Starting Initial cloud-init job (pre-networking)...
         Starting Set console font and keymap...
         Starting LSB: AppArmor initialization...
         Starting Create Volatile Files and Directories...
[[0;32m  OK  [0m] Started Tell Plymouth To Write Out Runtime Data.
[[0;32m  OK  [0m] Started Create Volatile Files and Directories.
[[0;32m  OK  [0m] Found device /dev/ttyS0.
         Starting Update UTMP about System Boot/Shutdown...
[[0;32m  OK  [0m] Started Update UTMP about System Boot/Shutdown.
[[0;32m  OK  [0m] Listening on Load/Save RF Kill Switch Status /dev/rfkill Watch.
[[0;32m  OK  [0m] Started LSB: AppArmor initialization.
[[0;32m  OK  [0m] Found device 82540EM Gigabit Ethern...r (PRO/1000 MT Desktop Adapter).
[    6.224834] cloud-init[505]: Cloud-init v. 19.1-1-gbaa47854-0ubuntu1~16.04.1 running 'init-local' at Thu, 20 Jun 2019 03:51:37 +0000. Up 5.97 seconds.
[[0;32m  OK  [0m] Started Initial cloud-init job (pre-networking).
[[0;32m  OK  [0m] Reached target Network (Pre).
         Starting Raise network interfaces...
[[0;32m  OK  [0m] Started ifup for enp0s3.
[[0;32m  OK  [0m] Started Set console font and keymap.
[[0;32m  OK  [0m] Created slice system-getty.slice.
[[0;32m  OK  [0m] Started Raise network interfaces.
[[0;32m  OK  [0m] Reached target Network.
         Starting Initial cloud-init job (metadata service crawler)...
[    6.880011] cloud-init[981]: Cloud-init v. 19.1-1-gbaa47854-0ubuntu1~16.04.1 running 'init' at Thu, 20 Jun 2019 03:51:38 +0000. Up 6.66 seconds.
[    6.881718] cloud-init[981]: ci-info: ++++++++++++++++++++++++++++++++++++++Net device info++++++++++++++++++++++++++++++++++++++
[    6.883392] cloud-init[981]: ci-info: +--------+------+----------------------------+---------------+--------+-------------------+
[    6.884944] cloud-init[981]: ci-info: | Device |  Up  |          Address           |      Mask     | Scope  |     Hw-Address    |
[    6.886516] cloud-init[981]: ci-info: +--------+------+----------------------------+---------------+--------+-------------------+
[    6.888266] cloud-init[981]: ci-info: | enp0s3 | True |         10.0.2.15          | 255.255.255.0 | global | 02:2e:c1:de:99:b7 |
[    6.890108] cloud-init[981]: ci-info: | enp0s3 | True | fe80::2e:c1ff:fede:99b7/64 |       .       |  link  | 02:2e:c1:de:99:b7 |
[    6.892097] cloud-init[981]: ci-info: |   lo   | True |         127.0.0.1          |   255.0.0.0   |  host  |         .         |
[    6.894020] cloud-init[981]: ci-info: |   lo   | True |          ::1/128           |       .       |  host  |         .         |
[    6.895651] cloud-init[981]: ci-info: +--------+------+----------------------------+---------------+--------+-------------------+
[    6.905186] cloud-init[981]: ci-info: +++++++++++++++++++++++++++Route IPv4 info++++++++++++++++++++++++++++
[    6.907200] cloud-init[981]: ci-info: +-------+-------------+----------+---------------+-----------+-------+
[    6.908868] cloud-init[981]: ci-info: | Route | Destination | Gateway  |    Genmask    | Interface | Flags |
[    6.910643] cloud-init[981]: ci-info: +-------+-------------+----------+---------------+-----------+-------+
[    6.912731] cloud-init[981]: ci-info: |   0   |   0.0.0.0   | 10.0.2.2 |    0.0.0.0    |   enp0s3  |   UG  |
[    6.920939] cloud-init[981]: ci-info: |   1   |   10.0.2.0  | 0.0.0.0  | 255.255.255.0 |   enp0s3  |   U   |
[    6.928857] cloud-init[981]: ci-info: +-------+-------------+----------+---------------+-----------+-------+
[    6.930249] cloud-init[981]: ci-info: +++++++++++++++++++Route IPv6 info+++++++++++++++++++
[    6.931968] cloud-init[981]: ci-info: +-------+-------------+---------+-----------+-------+
[    6.940535] cloud-init[981]: ci-info: | Route | Destination | Gateway | Interface | Flags |
[    6.941878] cloud-init[981]: ci-info: +-------+-------------+---------+-----------+-------+
[[0;32m  OK  [0m] Started Initial cloud-init job (metadata service crawler).
[[0;32m  OK  [0m] Reached target Network is Online.
[    6.946445] cloud-init[981]: ci-info: |   0   |  fe80::/64  |    ::   |   enp0s3  |   U   |
[    6.960956] cloud-init[981]: ci-info: |   3   |   ff00::/8  |    ::   |   enp0s3  |   U   |
[    6.969286]          Starting iSCSI initiator daemon (iscsid)...
cloud-init[[981]: [0;32m  OK  [0mci-info: +-------+-------------+---------+-----------+-------+] 
Reached target System Initialization.
[[0;32m  OK  [0m] Listening on UUID daemon activation socket.
[[0;32m  OK  [0m] Listening on ACPID Listen Socket.
[[0;32m  OK  [0m] Listening on D-Bus System Message Bus Socket.
[[0;32m  OK  [0m] Started ACPI Events Check.
[[0;32m  OK  [0m] Reached target Paths.
[[0;32m  OK  [0m] Started Daily Cleanup of Temporary Directories.
[[0;32m  OK  [0m] Started Daily apt download activities.
[[0;32m  OK  [0m] Started Daily apt upgrade and clean activities.
[[0;32m  OK  [0m] Reached target Timers.
         Starting LXD - unix socket.
         Starting Socket activation for snappy daemon.
[[0;32m  OK  [0m] Reached target Cloud-config availability.
[[0;32m  OK  [0m] Listening on LXD - unix socket.
[[0;32m  OK  [0m] Listening on Socket activation for snappy daemon.
[[0;32m  OK  [0m] Started iSCSI initiator daemon (iscsid).
         Starting Login to default iSCSI targets...
[[0;32m  OK  [0m] Reached target Sockets.
[[0;32m  OK  [0m] Reached target Basic System.
         Starting LSB: MD monitoring daemon...
[[0;32m  OK  [0m] Started Regular background program processing daemon.
         Starting System Logging Service...
[[0;32m  OK  [0m] Started D-Bus System Message Bus.
         Starting Virtualbox guest utils...
[[0;32m  OK  [0m] Started Deferred execution scheduler.
         Starting OpenBSD Secure Shell server...
[[0;32m  OK  [0m] Started ACPI event daemon.
         Starting /etc/rc.local Compatibility...
         Starting Snappy daemon...
[[0;32m  OK  [0m] Started FUSE filesystem for LXC.
         Starting LSB: Record successful boot for GRUB...
         Starting Login Service...
         Starting Accounts Service...
         Starting LXD - container startup/shutdown...
[[0;32m  OK  [0m] Started System Logging Service.
[[0;32m  OK  [0m] Started /etc/rc.local Compatibility.
[[0;32m  OK  [0m] Started OpenBSD Secure Shell server.
[[0;32m  OK  [0m] Started Login to default iSCSI targets.
[[0;32m  OK  [0m] Started LSB: MD monitoring daemon.
[[0;32m  OK  [0m] Started Login Service.
[[0;32m  OK  [0m] Started LSB: Record successful boot for GRUB.
[[0;32m  OK  [0m] Started Unattended Upgrades Shutdown.
         Starting Authenticate and Authorize Users to Run Privileged Tasks...
[[0;32m  OK  [0m] Reached target Remote File Systems (Pre).
[[0;32m  OK  [0m] Reached target Remote File Systems.
         Starting LSB: automatic crash report generation...
         Starting LSB: Set the CPU Frequency Scaling governor to "ondemand"...
         Starting LSB: daemon to balance interrupts for SMP systems...
         Starting Permit User Sessions...
[[0;32m  OK  [0m] Started LXD - container startup/shutdown.
[[0;32m  OK  [0m] Started Permit User Sessions.
[[0;32m  OK  [0m] Started Authenticate and Authorize Users to Run Privileged Tasks.
[[0;32m  OK  [0m] Started Accounts Service.
         Starting Terminate Plymouth Boot Screen...
         Starting Hold until boot process finishes up...
[[0;32m  OK  [0m] Started Snappy daemon.
[[0;32m  OK  [0m] Started Virtualbox guest utils.
[[0;32m  OK  [0m] Started LSB: automatic crash report generation.
[[0;32m  OK  [0m] Started LSB: Set the CPU Frequency Scaling governor to "ondemand".
[[0;32m  OK  [0m] Started LSB: daemon to balance interrupts for SMP systems.
[[0;32m  OK  [0m] Started Terminate Plymouth Boot Screen.
[[0;32m  OK  [0m] Started Hold until boot process finishes up.
[[0;32m  OK  [0m] Started Serial Getty on ttyS0.
         Starting Set console scheme...
[[0;32m  OK  [0m] Started Getty on tty1.
[[0;32m  OK  [0m] Reached target Login Prompts.
         Starting Wait until snapd is fully seeded...
[[0;32m  OK  [0m] Started Set console scheme.
[[0;32m  OK  [0m] Started Wait until snapd is fully seeded.
         Starting Apply the settings specified in cloud-config...
[[0;32m  OK  [0m] Reached target Multi-User System.
[[0;32m  OK  [0m] Reached target Graphical Interface.
         Starting Update UTMP about System Runlevel Changes...
[[0;32m  OK  [0m] Started Update UTMP about System Runlevel Changes.
[    7.797317] cloud-init[1224]: Cloud-init v. 19.1-1-gbaa47854-0ubuntu1~16.04.1 running 'modules:config' at Thu, 20 Jun 2019 03:51:39 +0000. Up 7.70 seconds.
[[0;32m  OK  [0m] Started Apply the settings specified in cloud-config.
         Starting Execute cloud user/final scripts...
[    8.141426] cloud-init[1237]: Cloud-init v. 19.1-1-gbaa47854-0ubuntu1~16.04.1 running 'modules:final' at Thu, 20 Jun 2019 03:51:39 +0000. Up 8.04 seconds.
[    8.148528] cloud-init[1237]: Cloud-init v. 19.1-1-gbaa47854-0ubuntu1~16.04.1 finished at Thu, 20 Jun 2019 03:51:40 +0000. Datasource DataSourceNoCloud [seed=/dev/sdb][dsmode=net].  Up 8.13 seconds
[[0;32m  OK  [0m] Started Execute cloud user/final scripts.
[[0;32m  OK  [0m] Reached target Cloud-init target.

Ubuntu 16.04.6 LTS ubuntu-xenial ttyS0

ubuntu-xenial login: 